[backblue.gif]
[fade.gif]
[index.html]
[demo.inilabs.net/school/v4.1/uploads/images/site.png]
[demo.inilabs.net/school/v4.1/assets/inilabs/jquery.js]
[demo.inilabs.net/school/v4.1/assets/bootstrap/bootstrap.min.js]
[www.google-analytics.com/analytics.js]
[demo.inilabs.net/school/v4.1/signin/index.html]
[demo.inilabs.net/school/v4.1/assets/bootstrap/bootstrap.min.css]
[demo.inilabs.net/school/v4.1/assets/fonts/fontawesome-webfont93e3.eot]
[demo.inilabs.net/school/v4.1/assets/fonts/fontawesome-webfontd41d.eot]
[demo.inilabs.net/school/v4.1/assets/fonts/fontawesome-webfont93e3.woff2]
[demo.inilabs.net/school/v4.1/assets/fonts/fontawesome-webfont93e3.woff]
[demo.inilabs.net/school/v4.1/assets/fonts/fontawesome-webfont93e3.ttf]
[demo.inilabs.net/school/v4.1/assets/fonts/font-awesome.css]
[demo.inilabs.net/school/v4.1/assets/inilabs/themes/black/style.css]
[demo.inilabs.net/school/v4.1/uploads/default/pf.jpg]
[demo.inilabs.net/school/v4.1/assets/inilabs/themes/black/inilabs.css]
[demo.inilabs.net/school/v4.1/assets/inilabs/responsive.css]
[demo.inilabs.net/school/v4.1/assets/fonts/fontawesome-webfont93e3.svg]
[demo.inilabs.net/school/v4.1/assets/img/ajax-loader1.html]
[demo.inilabs.net/school/v4.1/assets/img/blur-background09.html]
[demo.inilabs.net/school/v4.1/assets/inilabs/themes/black/iCheck/minimal/minimal.html]
[demo.inilabs.net/school/v4.1/assets/inilabs/themes/black/iCheck/minimal/minimal@2x.html]
